
> Task :compileJava FAILED
.\gradlew.bat : C:\User
s\52812\Desktop\Proyect
o\Proyecto-Hospital-\sr
c\main\java\com\example
\demo\security\WebSecur
ityConfig.java:12: 
error: cannot find 
symbol
En línea: 1 Carácter: 1
+ .\gradlew.bat 
compileJava > 
build_output.txt 2>&1
+ ~~~~~~~~~~~~~~~~~~~~~
~~~~~~~~~~~~~~~~~~~~~~~
~~~~~
    + CategoryInfo     
         : NotSpecifi  
  ed: (C:\Users\5281   
 2\...not find symb    
ol:String) [], Rem    
oteException
    + FullyQualifiedEr 
   rorId : NativeComm  
  andError
 
import org.springframew
ork.security.web.util.m
atcher.AntPathRequestMa
tcher;
                       
                       
      ^
  symbol:   class 
AntPathRequestMatcher
  location: package org
.springframework.securi
ty.web.util.matcher
1 error

[Incubating] Problems report is available at: file:///C:/Users/52812/Desktop/Proyecto/Proyecto-Hospital-/build/reports/problems/problems-report.html

FAILURE: Build failed 
with an exception.

* What went wrong:
Execution failed for 
task ':compileJava'.
> Compilation failed; 
see the compiler 
output below.
  C:\Users\52812\Deskto
p\Proyecto\Proyecto-Hos
pital-\src\main\java\co
m\example\demo\security
\WebSecurityConfig.java
:12: error: cannot 
find symbol
  import org.springfram
ework.security.web.util
.matcher.AntPathRequest
Matcher;
                       
                       
        ^
    symbol:   class 
AntPathRequestMatcher
    location: package o
rg.springframework.secu
rity.web.util.matcher
  1 error

* Try:
> Check your code and 
dependencies to fix 
the compilation 
error(s)
> Run with --scan to 
get full insights from 
a Build Scan (powered 
by Develocity).

BUILD FAILED in 3s
1 actionable task: 1 executed
